0 verbose cli /usr/local/bin/node /usr/local/bin/npm
1 info using npm@10.9.2
2 info using node@v22.14.0
3 silly config load:file:/usr/local/lib/node_modules/npm/npmrc
4 silly config load:file:/Users/yiransuo/user-management/frontend/.npmrc
5 silly config load:file:/Users/yiransuo/.npmrc
6 silly config load:file:/usr/local/etc/npmrc
7 verbose title npm install
8 verbose argv "install"
9 verbose logfile logs-max:10 dir:/Users/yiransuo/user-management/frontend/.npm-cache/_logs/2026-08-28T03_27_53_915Z-
10 verbose logfile /Users/yiransuo/user-management/frontend/.npm-cache/_logs/2026-08-28T03_27_53_915Z-debug-0.log
11 silly logfile done cleaning log files
12 silly packumentCache heap:2197815296 maxSize:549453824 maxEntrySize:274726912
13 silly idealTree buildDeps
14 silly fetch manifest vue@^3.3.0
15 silly packumentCache full:https://registry.npmjs.org/vue cache-miss
16 http fetch GET 200 https://registry.npmjs.org/npm 3148ms
17 http fetch GET 200 https://registry.npmjs.org/vue 5125ms (cache miss)
18 silly packumentCache full:https://registry.npmjs.org/vue set size:undefined disposed:false
19 silly fetch manifest typescript@*
20 silly packumentCache full:https://registry.npmjs.org/typescript cache-miss
21 http fetch GET 200 https://registry.npmjs.org/typescript 1538ms (cache miss)
22 silly packumentCache full:https://registry.npmjs.org/typescript set size:undefined disposed:false
23 silly fetch manifest vite@^5.0.0
24 silly packumentCache full:https://registry.npmjs.org/vite cache-miss
25 http fetch GET 200 https://registry.npmjs.org/vite 3216ms (cache miss)
26 silly packumentCache full:https://registry.npmjs.org/vite set size:undefined disposed:false
27 silly fetch manifest @types/node@^18.0.0 || >=20.0.0
28 silly packumentCache full:https://registry.npmjs.org/@types%2fnode cache-miss
29 http fetch GET 200 https://registry.npmjs.org/@types%2fnode 1071ms (cache miss)
30 silly packumentCache full:https://registry.npmjs.org/@types%2fnode set size:undefined disposed:false
31 silly fetch manifest less@*
32 silly packumentCache full:https://registry.npmjs.org/less cache-miss
33 http fetch GET 200 https://registry.npmjs.org/less 317ms (cache miss)
34 silly packumentCache full:https://registry.npmjs.org/less set size:undefined disposed:false
35 silly fetch manifest lightningcss@^1.21.0
36 silly packumentCache full:https://registry.npmjs.org/lightningcss cache-miss
37 http fetch GET 200 https://registry.npmjs.org/lightningcss 260ms (cache miss)
38 silly packumentCache full:https://registry.npmjs.org/lightningcss set size:undefined disposed:false
39 silly fetch manifest sass@*
40 silly packumentCache full:https://registry.npmjs.org/sass cache-miss
41 http fetch GET 200 https://registry.npmjs.org/sass 374ms (cache miss)
42 silly packumentCache full:https://registry.npmjs.org/sass set size:undefined disposed:false
43 silly fetch manifest sass-embedded@*
44 silly packumentCache full:https://registry.npmjs.org/sass-embedded cache-miss
45 http fetch GET 200 https://registry.npmjs.org/sass-embedded 496ms (cache miss)
46 silly packumentCache full:https://registry.npmjs.org/sass-embedded set size:undefined disposed:false
47 silly fetch manifest stylus@*
48 silly packumentCache full:https://registry.npmjs.org/stylus cache-miss
49 http fetch GET 200 https://registry.npmjs.org/stylus 525ms (cache miss)
50 silly packumentCache full:https://registry.npmjs.org/stylus set size:undefined disposed:false
51 silly fetch manifest sugarss@*
52 silly packumentCache full:https://registry.npmjs.org/sugarss cache-miss
53 http fetch GET 200 https://registry.npmjs.org/sugarss 276ms (cache miss)
54 silly packumentCache full:https://registry.npmjs.org/sugarss set size:undefined disposed:false
55 silly fetch manifest postcss@^8.3.3
56 silly packumentCache full:https://registry.npmjs.org/postcss cache-miss
57 http fetch GET 200 https://registry.npmjs.org/postcss 709ms (cache miss)
58 silly packumentCache full:https://registry.npmjs.org/postcss set size:undefined disposed:false
59 silly fetch manifest terser@^5.4.0
60 silly packumentCache full:https://registry.npmjs.org/terser cache-miss
61 http fetch GET 200 https://registry.npmjs.org/terser 426ms (cache miss)
62 silly packumentCache full:https://registry.npmjs.org/terser set size:undefined disposed:false
63 silly placeDep ROOT vite@5.4.21 OK for: frontend@0.0.1 want: ^5.0.0
64 silly placeDep ROOT vue@3.5.42 OK for: frontend@0.0.1 want: ^3.3.0
65 silly fetch manifest rollup@^4.20.0
66 silly packumentCache full:https://registry.npmjs.org/rollup cache-miss
67 silly fetch manifest esbuild@^0.21.3
68 silly packumentCache full:https://registry.npmjs.org/esbuild cache-miss
69 silly fetch manifest postcss@^8.4.43
70 silly packumentCache full:https://registry.npmjs.org/postcss cache-miss
71 silly fetch manifest fsevents@~2.3.3
72 silly packumentCache full:https://registry.npmjs.org/fsevents cache-miss
73 silly fetch manifest @vue/shared@3.5.42
74 silly packumentCache full:https://registry.npmjs.org/@vue%2fshared cache-miss
75 silly fetch manifest @vue/runtime-dom@3.5.42
76 silly packumentCache full:https://registry.npmjs.org/@vue%2fruntime-dom cache-miss
77 silly fetch manifest @vue/compiler-dom@3.5.42
78 silly packumentCache full:https://registry.npmjs.org/@vue%2fcompiler-dom cache-miss
79 http cache https://registry.npmjs.org/postcss 12ms (cache hit)
80 silly packumentCache full:https://registry.npmjs.org/postcss set size:760024 disposed:false
81 silly fetch manifest @vue/compiler-sfc@3.5.42
82 silly packumentCache full:https://registry.npmjs.org/@vue%2fcompiler-sfc cache-miss
83 http fetch GET 200 https://registry.npmjs.org/esbuild 1153ms (cache miss)
84 silly packumentCache full:https://registry.npmjs.org/esbuild set size:undefined disposed:false
85 silly fetch manifest @vue/server-renderer@3.5.42
86 silly packumentCache full:https://registry.npmjs.org/@vue%2fserver-renderer cache-miss
87 http fetch GET 200 https://registry.npmjs.org/rollup 1276ms (cache miss)
88 silly packumentCache full:https://registry.npmjs.org/rollup set size:undefined disposed:false
89 http fetch GET 200 https://registry.npmjs.org/@vue%2fserver-renderer 436ms (cache miss)
90 silly packumentCache full:https://registry.npmjs.org/@vue%2fserver-renderer set size:undefined disposed:false
91 http fetch GET 200 https://registry.npmjs.org/fsevents 1931ms (cache miss)
92 silly packumentCache full:https://registry.npmjs.org/fsevents set size:undefined disposed:false
93 http fetch GET 200 https://registry.npmjs.org/@vue%2fshared 2255ms (cache miss)
94 silly packumentCache full:https://registry.npmjs.org/@vue%2fshared set size:undefined disposed:false
95 http fetch GET 200 https://registry.npmjs.org/@vue%2fruntime-dom 2283ms (cache miss)
96 silly packumentCache full:https://registry.npmjs.org/@vue%2fruntime-dom set size:undefined disposed:false
97 http fetch GET 200 https://registry.npmjs.org/@vue%2fcompiler-dom 4837ms (cache miss)
98 silly packumentCache full:https://registry.npmjs.org/@vue%2fcompiler-dom set size:undefined disposed:false
99 http fetch GET 200 https://registry.npmjs.org/@vue%2fcompiler-sfc 4829ms (cache miss)
100 silly packumentCache full:https://registry.npmjs.org/@vue%2fcompiler-sfc set size:undefined disposed:false
101 silly placeDep ROOT esbuild@0.21.5 OK for: vite@5.4.21 want: ^0.21.3
102 silly placeDep ROOT fsevents@2.3.3 OK for: vite@5.4.21 want: ~2.3.3
103 silly placeDep ROOT postcss@8.5.26 OK for: vite@5.4.21 want: ^8.4.43
104 silly placeDep ROOT rollup@4.63.0 OK for: vite@5.4.21 want: ^4.20.0
105 silly fetch manifest @esbuild/aix-ppc64@0.21.5
106 silly packumentCache full:https://registry.npmjs.org/@esbuild%2faix-ppc64 cache-miss
107 silly fetch manifest @esbuild/linux-arm@0.21.5
108 silly packumentCache full:https://registry.npmjs.org/@esbuild%2flinux-arm cache-miss
109 silly fetch manifest @esbuild/linux-x64@0.21.5
110 silly packumentCache full:https://registry.npmjs.org/@esbuild%2flinux-x64 cache-miss
111 silly fetch manifest @esbuild/sunos-x64@0.21.5
112 silly packumentCache full:https://registry.npmjs.org/@esbuild%2fsunos-x64 cache-miss
113 silly fetch manifest @esbuild/win32-x64@0.21.5
114 silly packumentCache full:https://registry.npmjs.org/@esbuild%2fwin32-x64 cache-miss
115 silly fetch manifest @esbuild/darwin-x64@0.21.5
116 silly packumentCache full:https://registry.npmjs.org/@esbuild%2fdarwin-x64 cache-miss
117 silly fetch manifest @esbuild/linux-ia32@0.21.5
118 silly packumentCache full:https://registry.npmjs.org/@esbuild%2flinux-ia32 cache-miss
119 http fetch GET 200 https://registry.npmjs.org/@esbuild%2faix-ppc64 317ms (cache miss)
120 silly packumentCache full:https://registry.npmjs.org/@esbuild%2faix-ppc64 set size:undefined disposed:false
121 silly fetch manifest @esbuild/netbsd-x64@0.21.5
122 silly packumentCache full:https://registry.npmjs.org/@esbuild%2fnetbsd-x64 cache-miss
123 http fetch GET 200 https://registry.npmjs.org/@esbuild%2flinux-arm 360ms (cache miss)
124 silly packumentCache full:https://registry.npmjs.org/@esbuild%2flinux-arm set size:undefined disposed:false
125 silly fetch manifest @esbuild/win32-ia32@0.21.5
126 silly packumentCache full:https://registry.npmjs.org/@esbuild%2fwin32-ia32 cache-miss
127 http fetch GET 200 https://registry.npmjs.org/@esbuild%2fsunos-x64 363ms (cache miss)
128 silly packumentCache full:https://registry.npmjs.org/@esbuild%2fsunos-x64 set size:undefined disposed:false
129 silly fetch manifest @esbuild/android-arm@0.21.5
130 silly packumentCache full:https://registry.npmjs.org/@esbuild%2fandroid-arm cache-miss
131 http fetch GET 200 https://registry.npmjs.org/@esbuild%2fwin32-x64 367ms (cache miss)
132 silly packumentCache full:https://registry.npmjs.org/@esbuild%2fwin32-x64 set size:undefined disposed:false
133 silly fetch manifest @esbuild/android-x64@0.21.5
134 silly packumentCache full:https://registry.npmjs.org/@esbuild%2fandroid-x64 cache-miss
135 http fetch GET 200 https://registry.npmjs.org/@esbuild%2flinux-x64 375ms (cache miss)
136 silly packumentCache full:https://registry.npmjs.org/@esbuild%2flinux-x64 set size:undefined disposed:false
137 silly fetch manifest @esbuild/freebsd-x64@0.21.5
138 silly packumentCache full:https://registry.npmjs.org/@esbuild%2ffreebsd-x64 cache-miss
139 http fetch GET 200 https://registry.npmjs.org/@esbuild%2fnetbsd-x64 301ms (cache miss)
140 silly packumentCache full:https://registry.npmjs.org/@esbuild%2fnetbsd-x64 set size:undefined disposed:false
141 silly fetch manifest @esbuild/linux-arm64@0.21.5
142 silly packumentCache full:https://registry.npmjs.org/@esbuild%2flinux-arm64 cache-miss
143 http fetch GET 200 https://registry.npmjs.org/@esbuild%2fdarwin-x64 672ms (cache miss)
144 silly packumentCache full:https://registry.npmjs.org/@esbuild%2fdarwin-x64 set size:undefined disposed:false
145 silly fetch manifest @esbuild/linux-ppc64@0.21.5
146 silly packumentCache full:https://registry.npmjs.org/@esbuild%2flinux-ppc64 cache-miss
147 http fetch GET 200 https://registry.npmjs.org/@esbuild%2fwin32-ia32 337ms (cache miss)
148 silly packumentCache full:https://registry.npmjs.org/@esbuild%2fwin32-ia32 set size:undefined disposed:false
149 silly fetch manifest @esbuild/linux-s390x@0.21.5
150 silly packumentCache full:https://registry.npmjs.org/@esbuild%2flinux-s390x cache-miss
151 http fetch GET 200 https://registry.npmjs.org/@esbuild%2ffreebsd-x64 380ms (cache miss)
152 silly packumentCache full:https://registry.npmjs.org/@esbuild%2ffreebsd-x64 set size:undefined disposed:false
153 silly fetch manifest @esbuild/openbsd-x64@0.21.5
154 silly packumentCache full:https://registry.npmjs.org/@esbuild%2fopenbsd-x64 cache-miss
155 http fetch GET 200 https://registry.npmjs.org/@esbuild%2fandroid-arm 394ms (cache miss)
156 silly packumentCache full:https://registry.npmjs.org/@esbuild%2fandroid-arm set size:undefined disposed:false
157 silly fetch manifest @esbuild/win32-arm64@0.21.5
158 silly packumentCache full:https://registry.npmjs.org/@esbuild%2fwin32-arm64 cache-miss
159 http fetch GET 200 https://registry.npmjs.org/@esbuild%2fandroid-x64 441ms (cache miss)
160 silly packumentCache full:https://registry.npmjs.org/@esbuild%2fandroid-x64 set size:undefined disposed:false
161 silly fetch manifest @esbuild/darwin-arm64@0.21.5
162 silly packumentCache full:https://registry.npmjs.org/@esbuild%2fdarwin-arm64 cache-miss
163 http fetch GET 200 https://registry.npmjs.org/@esbuild%2flinux-arm64 318ms (cache miss)
164 silly packumentCache full:https://registry.npmjs.org/@esbuild%2flinux-arm64 set size:undefined disposed:false
165 silly fetch manifest @esbuild/android-arm64@0.21.5
166 silly packumentCache full:https://registry.npmjs.org/@esbuild%2fandroid-arm64 cache-miss
167 http fetch GET 200 https://registry.npmjs.org/@esbuild%2flinux-s390x 362ms (cache miss)
168 silly packumentCache full:https://registry.npmjs.org/@esbuild%2flinux-s390x set size:undefined disposed:false
169 silly fetch manifest @esbuild/freebsd-arm64@0.21.5
170 silly packumentCache full:https://registry.npmjs.org/@esbuild%2ffreebsd-arm64 cache-miss
171 http fetch GET 200 https://registry.npmjs.org/@esbuild%2fwin32-arm64 356ms (cache miss)
172 silly packumentCache full:https://registry.npmjs.org/@esbuild%2fwin32-arm64 set size:undefined disposed:false
173 silly fetch manifest @esbuild/linux-loong64@0.21.5
174 silly packumentCache full:https://registry.npmjs.org/@esbuild%2flinux-loong64 cache-miss
175 http fetch GET 200 https://registry.npmjs.org/@esbuild%2fopenbsd-x64 373ms (cache miss)
176 silly packumentCache full:https://registry.npmjs.org/@esbuild%2fopenbsd-x64 set size:undefined disposed:false
177 silly fetch manifest @esbuild/linux-riscv64@0.21.5
178 silly packumentCache full:https://registry.npmjs.org/@esbuild%2flinux-riscv64 cache-miss
179 http fetch GET 200 https://registry.npmjs.org/@esbuild%2flinux-ia32 1183ms (cache miss)
180 silly packumentCache full:https://registry.npmjs.org/@esbuild%2flinux-ia32 set size:undefined disposed:false
181 silly fetch manifest @esbuild/linux-mips64el@0.21.5
182 silly packumentCache full:https://registry.npmjs.org/@esbuild%2flinux-mips64el cache-miss
183 http fetch GET 200 https://registry.npmjs.org/@esbuild%2fandroid-arm64 307ms (cache miss)
184 silly packumentCache full:https://registry.npmjs.org/@esbuild%2fandroid-arm64 set size:undefined disposed:false
185 silly fetch manifest nanoid@^3.3.17
186 silly packumentCache full:https://registry.npmjs.org/nanoid cache-miss
187 http fetch GET 200 https://registry.npmjs.org/@esbuild%2ffreebsd-arm64 310ms (cache miss)
188 silly packumentCache full:https://registry.npmjs.org/@esbuild%2ffreebsd-arm64 set size:undefined disposed:false
189 silly fetch manifest picocolors@^1.1.1
190 silly packumentCache full:https://registry.npmjs.org/picocolors cache-miss
191 http fetch GET 200 https://registry.npmjs.org/@esbuild%2flinux-ppc64 725ms (cache miss)
192 silly packumentCache full:https://registry.npmjs.org/@esbuild%2flinux-ppc64 set size:undefined disposed:false
193 silly fetch manifest source-map-js@^1.2.1
194 silly packumentCache full:https://registry.npmjs.org/source-map-js cache-miss
195 http fetch GET 200 https://registry.npmjs.org/@esbuild%2flinux-riscv64 354ms (cache miss)
196 silly packumentCache full:https://registry.npmjs.org/@esbuild%2flinux-riscv64 set size:undefined disposed:false
197 silly fetch manifest @types/estree@1.0.9
198 silly packumentCache full:https://registry.npmjs.org/@types%2festree cache-miss
199 http fetch GET 200 https://registry.npmjs.org/@esbuild%2flinux-loong64 372ms (cache miss)
200 silly packumentCache full:https://registry.npmjs.org/@esbuild%2flinux-loong64 set size:undefined disposed:false
201 silly fetch manifest @rollup/rollup-darwin-x64@4.63.0
202 silly packumentCache full:https://registry.npmjs.org/@rollup%2frollup-darwin-x64 cache-miss
203 http fetch GET 200 https://registry.npmjs.org/nanoid 287ms (cache miss)
204 silly packumentCache full:https://registry.npmjs.org/nanoid set size:undefined disposed:false
205 silly fetch manifest @rollup/rollup-freebsd-x64@4.63.0
206 silly packumentCache full:https://registry.npmjs.org/@rollup%2frollup-freebsd-x64 cache-miss
207 http fetch GET 200 https://registry.npmjs.org/picocolors 246ms (cache miss)
208 silly packumentCache full:https://registry.npmjs.org/picocolors set size:undefined disposed:false
209 silly fetch manifest @rollup/rollup-openbsd-x64@4.63.0
210 silly packumentCache full:https://registry.npmjs.org/@rollup%2frollup-openbsd-x64 cache-miss
211 http fetch GET 200 https://registry.npmjs.org/@types%2festree 348ms (cache miss)
212 silly packumentCache full:https://registry.npmjs.org/@types%2festree set size:undefined disposed:false
213 silly fetch manifest @napi-rs/lzma-linux-x64-gnu@1.5.1
214 silly packumentCache full:https://registry.npmjs.org/@napi-rs%2flzma-linux-x64-gnu cache-miss
215 http fetch GET 200 https://registry.npmjs.org/@esbuild%2fdarwin-arm64 1030ms (cache miss)
216 silly packumentCache full:https://registry.npmjs.org/@esbuild%2fdarwin-arm64 set size:undefined disposed:false
217 silly fetch manifest @rollup/rollup-darwin-arm64@4.63.0
218 silly packumentCache full:https://registry.npmjs.org/@rollup%2frollup-darwin-arm64 cache-miss
219 http fetch GET 200 https://registry.npmjs.org/@rollup%2frollup-darwin-x64 351ms (cache miss)
220 silly packumentCache full:https://registry.npmjs.org/@rollup%2frollup-darwin-x64 set size:undefined disposed:false
221 silly fetch manifest @rollup/rollup-android-arm64@4.63.0
222 silly packumentCache full:https://registry.npmjs.org/@rollup%2frollup-android-arm64 cache-miss
223 http fetch GET 200 https://registry.npmjs.org/@rollup%2frollup-freebsd-x64 315ms (cache miss)
224 silly packumentCache full:https://registry.npmjs.org/@rollup%2frollup-freebsd-x64 set size:undefined disposed:false
225 silly fetch manifest @rollup/rollup-freebsd-arm64@4.63.0
226 silly packumentCache full:https://registry.npmjs.org/@rollup%2frollup-freebsd-arm64 cache-miss
227 http fetch GET 200 https://registry.npmjs.org/@rollup%2frollup-openbsd-x64 274ms (cache miss)
228 silly packumentCache full:https://registry.npmjs.org/@rollup%2frollup-openbsd-x64 set size:undefined disposed:false
229 silly fetch manifest @rollup/rollup-linux-x64-gnu@4.63.0
230 silly packumentCache full:https://registry.npmjs.org/@rollup%2frollup-linux-x64-gnu cache-miss
231 http fetch GET 200 https://registry.npmjs.org/@napi-rs%2flzma-linux-x64-gnu 294ms (cache miss)
232 silly packumentCache full:https://registry.npmjs.org/@napi-rs%2flzma-linux-x64-gnu set size:undefined disposed:false
233 silly fetch manifest @rollup/rollup-win32-x64-gnu@4.63.0
234 silly packumentCache full:https://registry.npmjs.org/@rollup%2frollup-win32-x64-gnu cache-miss
235 http fetch GET 200 https://registry.npmjs.org/@rollup%2frollup-freebsd-arm64 289ms (cache miss)
236 silly packumentCache full:https://registry.npmjs.org/@rollup%2frollup-freebsd-arm64 set size:undefined disposed:false
237 silly fetch manifest @rollup/rollup-linux-x64-musl@4.63.0
238 silly packumentCache full:https://registry.npmjs.org/@rollup%2frollup-linux-x64-musl cache-miss
239 http fetch GET 200 https://registry.npmjs.org/@rollup%2frollup-darwin-arm64 380ms (cache miss)
240 silly packumentCache full:https://registry.npmjs.org/@rollup%2frollup-darwin-arm64 set size:undefined disposed:false
241 silly fetch manifest @rollup/rollup-win32-x64-msvc@4.63.0
242 silly packumentCache full:https://registry.npmjs.org/@rollup%2frollup-win32-x64-msvc cache-miss
243 http fetch GET 200 https://registry.npmjs.org/@rollup%2frollup-android-arm64 381ms (cache miss)
244 silly packumentCache full:https://registry.npmjs.org/@rollup%2frollup-android-arm64 set size:undefined disposed:false
245 silly fetch manifest @rollup/rollup-linux-arm64-gnu@4.63.0
246 silly packumentCache full:https://registry.npmjs.org/@rollup%2frollup-linux-arm64-gnu cache-miss
247 http fetch GET 200 https://registry.npmjs.org/@rollup%2frollup-win32-x64-gnu 316ms (cache miss)
248 silly packumentCache full:https://registry.npmjs.org/@rollup%2frollup-win32-x64-gnu set size:undefined disposed:false
249 silly fetch manifest @rollup/rollup-linux-ppc64-gnu@4.63.0
250 silly packumentCache full:https://registry.npmjs.org/@rollup%2frollup-linux-ppc64-gnu cache-miss
251 http fetch GET 200 https://registry.npmjs.org/@rollup%2frollup-linux-x64-musl 315ms (cache miss)
252 silly packumentCache full:https://registry.npmjs.org/@rollup%2frollup-linux-x64-musl set size:undefined disposed:false
253 silly fetch manifest @rollup/rollup-linux-s390x-gnu@4.63.0
254 silly packumentCache full:https://registry.npmjs.org/@rollup%2frollup-linux-s390x-gnu cache-miss
255 http fetch GET 200 https://registry.npmjs.org/source-map-js 1063ms (cache miss)
256 silly packumentCache full:https://registry.npmjs.org/source-map-js set size:undefined disposed:false
257 silly fetch manifest @rollup/rollup-win32-ia32-msvc@4.63.0
258 silly packumentCache full:https://registry.npmjs.org/@rollup%2frollup-win32-ia32-msvc cache-miss
259 http fetch GET 200 https://registry.npmjs.org/@rollup%2frollup-linux-arm64-gnu 374ms (cache miss)
260 silly packumentCache full:https://registry.npmjs.org/@rollup%2frollup-linux-arm64-gnu set size:undefined disposed:false
261 silly fetch manifest @rollup/rollup-android-arm-eabi@4.63.0
262 silly packumentCache full:https://registry.npmjs.org/@rollup%2frollup-android-arm-eabi cache-miss
263 http fetch GET 200 https://registry.npmjs.org/@rollup%2frollup-win32-x64-msvc 379ms (cache miss)
264 silly packumentCache full:https://registry.npmjs.org/@rollup%2frollup-win32-x64-msvc set size:undefined disposed:false
265 silly fetch manifest @rollup/rollup-linux-arm64-musl@4.63.0
266 silly packumentCache full:https://registry.npmjs.org/@rollup%2frollup-linux-arm64-musl cache-miss
267 http fetch GET 200 https://registry.npmjs.org/@rollup%2frollup-linux-ppc64-gnu 316ms (cache miss)
268 silly packumentCache full:https://registry.npmjs.org/@rollup%2frollup-linux-ppc64-gnu set size:undefined disposed:false
269 silly fetch manifest @rollup/rollup-linux-ppc64-musl@4.63.0
270 silly packumentCache full:https://registry.npmjs.org/@rollup%2frollup-linux-ppc64-musl cache-miss
271 http fetch GET 200 https://registry.npmjs.org/@rollup%2frollup-linux-s390x-gnu 308ms (cache miss)
272 silly packumentCache full:https://registry.npmjs.org/@rollup%2frollup-linux-s390x-gnu set size:undefined disposed:false
273 silly fetch manifest @rollup/rollup-win32-arm64-msvc@4.63.0
274 silly packumentCache full:https://registry.npmjs.org/@rollup%2frollup-win32-arm64-msvc cache-miss
275 http fetch GET 200 https://registry.npmjs.org/@rollup%2frollup-linux-x64-gnu 896ms (cache miss)
276 silly packumentCache full:https://registry.npmjs.org/@rollup%2frollup-linux-x64-gnu set size:undefined disposed:false
277 silly fetch manifest @rollup/rollup-linux-loong64-gnu@4.63.0
278 silly packumentCache full:https://registry.npmjs.org/@rollup%2frollup-linux-loong64-gnu cache-miss
279 http fetch GET 200 https://registry.npmjs.org/@rollup%2frollup-android-arm-eabi 343ms (cache miss)
280 silly packumentCache full:https://registry.npmjs.org/@rollup%2frollup-android-arm-eabi set size:undefined disposed:false
281 silly fetch manifest @rollup/rollup-linux-riscv64-gnu@4.63.0
282 silly packumentCache full:https://registry.npmjs.org/@rollup%2frollup-linux-riscv64-gnu cache-miss
283 http fetch GET 200 https://registry.npmjs.org/@rollup%2frollup-linux-arm64-musl 344ms (cache miss)
284 silly packumentCache full:https://registry.npmjs.org/@rollup%2frollup-linux-arm64-musl set size:undefined disposed:false
285 silly fetch manifest @rollup/rollup-openharmony-arm64@4.63.0
286 silly packumentCache full:https://registry.npmjs.org/@rollup%2frollup-openharmony-arm64 cache-miss
287 http fetch GET 200 https://registry.npmjs.org/@rollup%2frollup-linux-ppc64-musl 344ms (cache miss)
288 silly packumentCache full:https://registry.npmjs.org/@rollup%2frollup-linux-ppc64-musl set size:undefined disposed:false
289 silly fetch manifest @rollup/rollup-linux-loong64-musl@4.63.0
290 silly packumentCache full:https://registry.npmjs.org/@rollup%2frollup-linux-loong64-musl cache-miss
291 http fetch GET 200 https://registry.npmjs.org/@rollup%2frollup-win32-arm64-msvc 344ms (cache miss)
292 silly packumentCache full:https://registry.npmjs.org/@rollup%2frollup-win32-arm64-msvc set size:undefined disposed:false
293 silly fetch manifest @rollup/rollup-linux-riscv64-musl@4.63.0
294 silly packumentCache full:https://registry.npmjs.org/@rollup%2frollup-linux-riscv64-musl cache-miss
295 http fetch GET 200 https://registry.npmjs.org/@rollup%2frollup-linux-loong64-gnu 405ms (cache miss)
296 silly packumentCache full:https://registry.npmjs.org/@rollup%2frollup-linux-loong64-gnu set size:undefined disposed:false
297 silly fetch manifest @rollup/rollup-linux-arm-gnueabihf@4.63.0
298 silly packumentCache full:https://registry.npmjs.org/@rollup%2frollup-linux-arm-gnueabihf cache-miss
299 http fetch GET 200 https://registry.npmjs.org/@rollup%2frollup-openharmony-arm64 291ms (cache miss)
300 silly packumentCache full:https://registry.npmjs.org/@rollup%2frollup-openharmony-arm64 set size:undefined disposed:false
301 silly fetch manifest @rollup/rollup-linux-arm-musleabihf@4.63.0
302 silly packumentCache full:https://registry.npmjs.org/@rollup%2frollup-linux-arm-musleabihf cache-miss
303 http fetch GET 200 https://registry.npmjs.org/@rollup%2frollup-linux-riscv64-gnu 322ms (cache miss)
304 silly packumentCache full:https://registry.npmjs.org/@rollup%2frollup-linux-riscv64-gnu set size:undefined disposed:false
305 http fetch GET 200 https://registry.npmjs.org/@rollup%2frollup-win32-ia32-msvc 903ms (cache miss)
306 silly packumentCache full:https://registry.npmjs.org/@rollup%2frollup-win32-ia32-msvc set size:undefined disposed:false
307 http fetch GET 200 https://registry.npmjs.org/@rollup%2frollup-linux-riscv64-musl 287ms (cache miss)
308 silly packumentCache full:https://registry.npmjs.org/@rollup%2frollup-linux-riscv64-musl set size:undefined disposed:false
309 http fetch GET 200 https://registry.npmjs.org/@rollup%2frollup-linux-loong64-musl 291ms (cache miss)
310 silly packumentCache full:https://registry.npmjs.org/@rollup%2frollup-linux-loong64-musl set size:undefined disposed:false
311 http fetch GET 200 https://registry.npmjs.org/@esbuild%2flinux-mips64el 2271ms (cache miss)
312 silly packumentCache full:https://registry.npmjs.org/@esbuild%2flinux-mips64el set size:undefined disposed:false
313 http fetch GET 200 https://registry.npmjs.org/@rollup%2frollup-linux-arm-gnueabihf 312ms (cache miss)
314 silly packumentCache full:https://registry.npmjs.org/@rollup%2frollup-linux-arm-gnueabihf set size:undefined disposed:false
315 http fetch GET 200 https://registry.npmjs.org/@rollup%2frollup-linux-arm-musleabihf 366ms (cache miss)
316 silly packumentCache full:https://registry.npmjs.org/@rollup%2frollup-linux-arm-musleabihf set size:undefined disposed:false
317 silly placeDep ROOT @esbuild/aix-ppc64@0.21.5 OK for: esbuild@0.21.5 want: 0.21.5
318 silly placeDep ROOT @esbuild/android-arm@0.21.5 OK for: esbuild@0.21.5 want: 0.21.5
319 silly placeDep ROOT @esbuild/android-arm64@0.21.5 OK for: esbuild@0.21.5 want: 0.21.5
320 silly placeDep ROOT @esbuild/android-x64@0.21.5 OK for: esbuild@0.21.5 want: 0.21.5
321 silly placeDep ROOT @esbuild/darwin-arm64@0.21.5 OK for: esbuild@0.21.5 want: 0.21.5
322 silly placeDep ROOT @esbuild/darwin-x64@0.21.5 OK for: esbuild@0.21.5 want: 0.21.5
323 silly placeDep ROOT @esbuild/freebsd-arm64@0.21.5 OK for: esbuild@0.21.5 want: 0.21.5
324 silly placeDep ROOT @esbuild/freebsd-x64@0.21.5 OK for: esbuild@0.21.5 want: 0.21.5
325 silly placeDep ROOT @esbuild/linux-arm@0.21.5 OK for: esbuild@0.21.5 want: 0.21.5
326 silly placeDep ROOT @esbuild/linux-arm64@0.21.5 OK for: esbuild@0.21.5 want: 0.21.5
327 silly placeDep ROOT @esbuild/linux-ia32@0.21.5 OK for: esbuild@0.21.5 want: 0.21.5
328 silly placeDep ROOT @esbuild/linux-loong64@0.21.5 OK for: esbuild@0.21.5 want: 0.21.5
329 silly placeDep ROOT @esbuild/linux-mips64el@0.21.5 OK for: esbuild@0.21.5 want: 0.21.5
330 silly placeDep ROOT @esbuild/linux-ppc64@0.21.5 OK for: esbuild@0.21.5 want: 0.21.5
331 silly placeDep ROOT @esbuild/linux-riscv64@0.21.5 OK for: esbuild@0.21.5 want: 0.21.5
332 silly placeDep ROOT @esbuild/linux-s390x@0.21.5 OK for: esbuild@0.21.5 want: 0.21.5
333 silly placeDep ROOT @esbuild/linux-x64@0.21.5 OK for: esbuild@0.21.5 want: 0.21.5
334 silly placeDep ROOT @esbuild/netbsd-x64@0.21.5 OK for: esbuild@0.21.5 want: 0.21.5
335 silly placeDep ROOT @esbuild/openbsd-x64@0.21.5 OK for: esbuild@0.21.5 want: 0.21.5
336 silly placeDep ROOT @esbuild/sunos-x64@0.21.5 OK for: esbuild@0.21.5 want: 0.21.5
337 silly placeDep ROOT @esbuild/win32-arm64@0.21.5 OK for: esbuild@0.21.5 want: 0.21.5
338 silly placeDep ROOT @esbuild/win32-ia32@0.21.5 OK for: esbuild@0.21.5 want: 0.21.5
339 silly placeDep ROOT @esbuild/win32-x64@0.21.5 OK for: esbuild@0.21.5 want: 0.21.5
340 silly placeDep ROOT nanoid@3.3.18 OK for: postcss@8.5.26 want: ^3.3.17
341 silly placeDep ROOT picocolors@1.1.1 OK for: postcss@8.5.26 want: ^1.1.1
342 silly placeDep ROOT source-map-js@1.2.1 OK for: postcss@8.5.26 want: ^1.2.1
343 silly placeDep ROOT @napi-rs/lzma-linux-x64-gnu@1.5.1 OK for: rollup@4.63.0 want: 1.5.1
344 silly placeDep ROOT @rollup/rollup-android-arm-eabi@4.63.0 OK for: rollup@4.63.0 want: 4.63.0
345 silly placeDep ROOT @rollup/rollup-android-arm64@4.63.0 OK for: rollup@4.63.0 want: 4.63.0
346 silly placeDep ROOT @rollup/rollup-darwin-arm64@4.63.0 OK for: rollup@4.63.0 want: 4.63.0
347 silly placeDep ROOT @rollup/rollup-darwin-x64@4.63.0 OK for: rollup@4.63.0 want: 4.63.0
348 silly placeDep ROOT @rollup/rollup-freebsd-arm64@4.63.0 OK for: rollup@4.63.0 want: 4.63.0
349 silly placeDep ROOT @rollup/rollup-freebsd-x64@4.63.0 OK for: rollup@4.63.0 want: 4.63.0
350 silly placeDep ROOT @rollup/rollup-linux-arm-gnueabihf@4.63.0 OK for: rollup@4.63.0 want: 4.63.0
351 silly placeDep ROOT @rollup/rollup-linux-arm-musleabihf@4.63.0 OK for: rollup@4.63.0 want: 4.63.0
352 silly placeDep ROOT @rollup/rollup-linux-arm64-gnu@4.63.0 OK for: rollup@4.63.0 want: 4.63.0
353 silly placeDep ROOT @rollup/rollup-linux-arm64-musl@4.63.0 OK for: rollup@4.63.0 want: 4.63.0
354 silly placeDep ROOT @rollup/rollup-linux-loong64-gnu@4.63.0 OK for: rollup@4.63.0 want: 4.63.0
355 silly placeDep ROOT @rollup/rollup-linux-loong64-musl@4.63.0 OK for: rollup@4.63.0 want: 4.63.0
356 silly placeDep ROOT @rollup/rollup-linux-ppc64-gnu@4.63.0 OK for: rollup@4.63.0 want: 4.63.0
357 silly placeDep ROOT @rollup/rollup-linux-ppc64-musl@4.63.0 OK for: rollup@4.63.0 want: 4.63.0
358 silly placeDep ROOT @rollup/rollup-linux-riscv64-gnu@4.63.0 OK for: rollup@4.63.0 want: 4.63.0
359 silly placeDep ROOT @rollup/rollup-linux-riscv64-musl@4.63.0 OK for: rollup@4.63.0 want: 4.63.0
360 silly placeDep ROOT @rollup/rollup-linux-s390x-gnu@4.63.0 OK for: rollup@4.63.0 want: 4.63.0
361 silly placeDep ROOT @rollup/rollup-linux-x64-gnu@4.63.0 OK for: rollup@4.63.0 want: 4.63.0
362 silly placeDep ROOT @rollup/rollup-linux-x64-musl@4.63.0 OK for: rollup@4.63.0 want: 4.63.0
363 silly placeDep ROOT @rollup/rollup-openbsd-x64@4.63.0 OK for: rollup@4.63.0 want: 4.63.0
364 silly placeDep ROOT @rollup/rollup-openharmony-arm64@4.63.0 OK for: rollup@4.63.0 want: 4.63.0
365 silly placeDep ROOT @rollup/rollup-win32-arm64-msvc@4.63.0 OK for: rollup@4.63.0 want: 4.63.0
366 silly placeDep ROOT @rollup/rollup-win32-ia32-msvc@4.63.0 OK for: rollup@4.63.0 want: 4.63.0
367 silly placeDep ROOT @rollup/rollup-win32-x64-gnu@4.63.0 OK for: rollup@4.63.0 want: 4.63.0
368 silly placeDep ROOT @rollup/rollup-win32-x64-msvc@4.63.0 OK for: rollup@4.63.0 want: 4.63.0
369 silly placeDep ROOT @types/estree@1.0.9 OK for: rollup@4.63.0 want: 1.0.9
370 silly placeDep ROOT @vue/compiler-dom@3.5.42 OK for: vue@3.5.42 want: 3.5.42
371 silly placeDep ROOT @vue/compiler-sfc@3.5.42 OK for: vue@3.5.42 want: 3.5.42
372 silly placeDep ROOT @vue/runtime-dom@3.5.42 OK for: vue@3.5.42 want: 3.5.42
373 silly placeDep ROOT @vue/server-renderer@3.5.42 OK for: vue@3.5.42 want: 3.5.42
374 silly placeDep ROOT @vue/shared@3.5.42 OK for: vue@3.5.42 want: 3.5.42
375 silly fetch manifest @vue/compiler-core@3.5.42
376 silly packumentCache full:https://registry.npmjs.org/@vue%2fcompiler-core cache-miss
377 silly fetch manifest magic-string@^0.30.21
378 silly packumentCache full:https://registry.npmjs.org/magic-string cache-miss
379 silly fetch manifest @babel/parser@^7.29.8
380 silly packumentCache full:https://registry.npmjs.org/@babel%2fparser cache-miss
381 silly fetch manifest estree-walker@^2.0.2
382 silly packumentCache full:https://registry.npmjs.org/estree-walker cache-miss
383 silly fetch manifest @vue/compiler-ssr@3.5.42
384 silly packumentCache full:https://registry.npmjs.org/@vue%2fcompiler-ssr cache-miss
385 silly fetch manifest @vue/compiler-core@3.5.42
386 silly packumentCache full:https://registry.npmjs.org/@vue%2fcompiler-core cache-miss
387 silly fetch manifest csstype@^3.2.3
388 silly packumentCache full:https://registry.npmjs.org/csstype cache-miss
389 http fetch GET 200 https://registry.npmjs.org/estree-walker 347ms (cache miss)
390 silly packumentCache full:https://registry.npmjs.org/estree-walker set size:undefined disposed:false
391 silly fetch manifest @vue/reactivity@3.5.42
392 silly packumentCache full:https://registry.npmjs.org/@vue%2freactivity cache-miss
393 http fetch GET 200 https://registry.npmjs.org/csstype 365ms (cache miss)
394 silly packumentCache full:https://registry.npmjs.org/csstype set size:undefined disposed:false
395 silly fetch manifest @vue/runtime-core@3.5.42
396 silly packumentCache full:https://registry.npmjs.org/@vue%2fruntime-core cache-miss
397 http fetch GET 200 https://registry.npmjs.org/@vue%2fcompiler-core 388ms (cache miss)
398 silly packumentCache full:https://registry.npmjs.org/@vue%2fcompiler-core set size:undefined disposed:false
399 silly fetch manifest @vue/compiler-ssr@3.5.42
400 silly packumentCache full:https://registry.npmjs.org/@vue%2fcompiler-ssr cache-miss
401 http fetch GET 200 https://registry.npmjs.org/@vue%2fcompiler-core 496ms (cache miss)
402 silly packumentCache full:https://registry.npmjs.org/@vue%2fcompiler-core set size:undefined disposed:false
403 http fetch GET 200 https://registry.npmjs.org/@babel%2fparser 638ms (cache miss)
404 silly packumentCache full:https://registry.npmjs.org/@babel%2fparser set size:undefined disposed:false
405 http fetch GET 200 https://registry.npmjs.org/@vue%2freactivity 393ms (cache miss)
406 silly packumentCache full:https://registry.npmjs.org/@vue%2freactivity set size:undefined disposed:false
407 http fetch GET 200 https://registry.npmjs.org/@vue%2fcompiler-ssr 426ms (cache miss)
408 silly packumentCache full:https://registry.npmjs.org/@vue%2fcompiler-ssr set size:undefined disposed:false
409 http fetch GET 200 https://registry.npmjs.org/@vue%2fruntime-core 457ms (cache miss)
410 silly packumentCache full:https://registry.npmjs.org/@vue%2fruntime-core set size:undefined disposed:false
411 http fetch GET 200 https://registry.npmjs.org/magic-string 1144ms (cache miss)
412 silly packumentCache full:https://registry.npmjs.org/magic-string set size:undefined disposed:false
413 http fetch GET 200 https://registry.npmjs.org/@vue%2fcompiler-ssr 4577ms (cache miss)
414 silly packumentCache full:https://registry.npmjs.org/@vue%2fcompiler-ssr set size:undefined disposed:false
415 silly placeDep ROOT @vue/compiler-core@3.5.42 OK for: @vue/compiler-dom@3.5.42 want: 3.5.42
416 silly fetch manifest entities@^7.0.1
417 silly packumentCache full:https://registry.npmjs.org/entities cache-miss
418 http fetch GET 200 https://registry.npmjs.org/entities 357ms (cache miss)
419 silly packumentCache full:https://registry.npmjs.org/entities set size:undefined disposed:false
420 silly placeDep ROOT @babel/parser@7.29.8 OK for: @vue/compiler-core@3.5.42 want: ^7.29.8
421 silly placeDep ROOT entities@7.0.1 OK for: @vue/compiler-core@3.5.42 want: ^7.0.1
422 silly placeDep ROOT estree-walker@2.0.2 OK for: @vue/compiler-core@3.5.42 want: ^2.0.2
423 silly fetch manifest @babel/types@^7.29.8
424 silly packumentCache full:https://registry.npmjs.org/@babel%2ftypes cache-miss
425 http fetch GET 200 https://registry.npmjs.org/@babel%2ftypes 461ms (cache miss)
426 silly packumentCache full:https://registry.npmjs.org/@babel%2ftypes set size:undefined disposed:false
427 silly placeDep ROOT @babel/types@7.29.8 OK for: @babel/parser@7.29.8 want: ^7.29.8
428 silly fetch manifest @babel/helper-string-parser@^7.29.7
429 silly packumentCache full:https://registry.npmjs.org/@babel%2fhelper-string-parser cache-miss
430 silly fetch manifest @babel/helper-validator-identifier@^7.29.7
431 silly packumentCache full:https://registry.npmjs.org/@babel%2fhelper-validator-identifier cache-miss
432 http fetch GET 200 https://registry.npmjs.org/@babel%2fhelper-string-parser 268ms (cache miss)
433 silly packumentCache full:https://registry.npmjs.org/@babel%2fhelper-string-parser set size:undefined disposed:false
434 http fetch GET 200 https://registry.npmjs.org/@babel%2fhelper-validator-identifier 315ms (cache miss)
435 silly packumentCache full:https://registry.npmjs.org/@babel%2fhelper-validator-identifier set size:undefined disposed:false
436 silly placeDep ROOT @babel/helper-string-parser@7.29.7 OK for: @babel/types@7.29.8 want: ^7.29.7
437 silly placeDep ROOT @babel/helper-validator-identifier@7.29.7 OK for: @babel/types@7.29.8 want: ^7.29.7
438 silly placeDep ROOT @vue/compiler-ssr@3.5.42 OK for: @vue/compiler-sfc@3.5.42 want: 3.5.42
439 silly placeDep ROOT magic-string@0.30.21 OK for: @vue/compiler-sfc@3.5.42 want: ^0.30.21
440 silly fetch manifest @jridgewell/sourcemap-codec@^1.5.5
441 silly packumentCache full:https://registry.npmjs.org/@jridgewell%2fsourcemap-codec cache-miss
442 http fetch GET 200 https://registry.npmjs.org/@jridgewell%2fsourcemap-codec 422ms (cache miss)
443 silly packumentCache full:https://registry.npmjs.org/@jridgewell%2fsourcemap-codec set size:undefined disposed:false
444 silly placeDep ROOT @vue/reactivity@3.5.42 OK for: @vue/runtime-dom@3.5.42 want: 3.5.42
445 silly placeDep ROOT @vue/runtime-core@3.5.42 OK for: @vue/runtime-dom@3.5.42 want: 3.5.42
446 silly placeDep ROOT csstype@3.2.3 OK for: @vue/runtime-dom@3.5.42 want: ^3.2.3
447 silly placeDep ROOT @jridgewell/sourcemap-codec@1.6.0 OK for: magic-string@0.30.21 want: ^1.5.5
448 silly reify moves {}
449 silly audit bulk request {
449 silly audit   vite: [ '5.4.21' ],
449 silly audit   vue: [ '3.5.42' ],
449 silly audit   esbuild: [ '0.21.5' ],
449 silly audit   fsevents: [ '2.3.3' ],
449 silly audit   postcss: [ '8.5.26' ],
449 silly audit   rollup: [ '4.63.0' ],
449 silly audit   '@esbuild/aix-ppc64': [ '0.21.5' ],
449 silly audit   '@esbuild/android-arm': [ '0.21.5' ],
449 silly audit   '@esbuild/android-arm64': [ '0.21.5' ],
449 silly audit   '@esbuild/android-x64': [ '0.21.5' ],
449 silly audit   '@esbuild/darwin-arm64': [ '0.21.5' ],
449 silly audit   '@esbuild/darwin-x64': [ '0.21.5' ],
449 silly audit   '@esbuild/freebsd-arm64': [ '0.21.5' ],
449 silly audit   '@esbuild/freebsd-x64': [ '0.21.5' ],
449 silly audit   '@esbuild/linux-arm': [ '0.21.5' ],
449 silly audit   '@esbuild/linux-arm64': [ '0.21.5' ],
449 silly audit   '@esbuild/linux-ia32': [ '0.21.5' ],
449 silly audit   '@esbuild/linux-loong64': [ '0.21.5' ],
449 silly audit   '@esbuild/linux-mips64el': [ '0.21.5' ],
449 silly audit   '@esbuild/linux-ppc64': [ '0.21.5' ],
449 silly audit   '@esbuild/linux-riscv64': [ '0.21.5' ],
449 silly audit   '@esbuild/linux-s390x': [ '0.21.5' ],
449 silly audit   '@esbuild/linux-x64': [ '0.21.5' ],
449 silly audit   '@esbuild/netbsd-x64': [ '0.21.5' ],
449 silly audit   '@esbuild/openbsd-x64': [ '0.21.5' ],
449 silly audit   '@esbuild/sunos-x64': [ '0.21.5' ],
449 silly audit   '@esbuild/win32-arm64': [ '0.21.5' ],
449 silly audit   '@esbuild/win32-ia32': [ '0.21.5' ],
449 silly audit   '@esbuild/win32-x64': [ '0.21.5' ],
449 silly audit   nanoid: [ '3.3.18' ],
449 silly audit   picocolors: [ '1.1.1' ],
449 silly audit   'source-map-js': [ '1.2.1' ],
449 silly audit   '@napi-rs/lzma-linux-x64-gnu': [ '1.5.1' ],
449 silly audit   '@rollup/rollup-android-arm-eabi': [ '4.63.0' ],
449 silly audit   '@rollup/rollup-android-arm64': [ '4.63.0' ],
449 silly audit   '@rollup/rollup-darwin-arm64': [ '4.63.0' ],
449 silly audit   '@rollup/rollup-darwin-x64': [ '4.63.0' ],
449 silly audit   '@rollup/rollup-freebsd-arm64': [ '4.63.0' ],
449 silly audit   '@rollup/rollup-freebsd-x64': [ '4.63.0' ],
449 silly audit   '@rollup/rollup-linux-arm-gnueabihf': [ '4.63.0' ],
449 silly audit   '@rollup/rollup-linux-arm-musleabihf': [ '4.63.0' ],
449 silly audit   '@rollup/rollup-linux-arm64-gnu': [ '4.63.0' ],
449 silly audit   '@rollup/rollup-linux-arm64-musl': [ '4.63.0' ],
449 silly audit   '@rollup/rollup-linux-loong64-gnu': [ '4.63.0' ],
449 silly audit   '@rollup/rollup-linux-loong64-musl': [ '4.63.0' ],
449 silly audit   '@rollup/rollup-linux-ppc64-gnu': [ '4.63.0' ],
449 silly audit   '@rollup/rollup-linux-ppc64-musl': [ '4.63.0' ],
449 silly audit   '@rollup/rollup-linux-riscv64-gnu': [ '4.63.0' ],
449 silly audit   '@rollup/rollup-linux-riscv64-musl': [ '4.63.0' ],
449 silly audit   '@rollup/rollup-linux-s390x-gnu': [ '4.63.0' ],
449 silly audit   '@rollup/rollup-linux-x64-gnu': [ '4.63.0' ],
449 silly audit   '@rollup/rollup-linux-x64-musl': [ '4.63.0' ],
449 silly audit   '@rollup/rollup-openbsd-x64': [ '4.63.0' ],
449 silly audit   '@rollup/rollup-openharmony-arm64': [ '4.63.0' ],
449 silly audit   '@rollup/rollup-win32-arm64-msvc': [ '4.63.0' ],
449 silly audit   '@rollup/rollup-win32-ia32-msvc': [ '4.63.0' ],
449 silly audit   '@rollup/rollup-win32-x64-gnu': [ '4.63.0' ],
449 silly audit   '@rollup/rollup-win32-x64-msvc': [ '4.63.0' ],
449 silly audit   '@types/estree': [ '1.0.9' ],
449 silly audit   '@vue/compiler-dom': [ '3.5.42' ],
449 silly audit   '@vue/compiler-sfc': [ '3.5.42' ],
449 silly audit   '@vue/runtime-dom': [ '3.5.42' ],
449 silly audit   '@vue/server-renderer': [ '3.5.42' ],
449 silly audit   '@vue/shared': [ '3.5.42' ],
449 silly audit   '@vue/compiler-core': [ '3.5.42' ],
449 silly audit   '@babel/parser': [ '7.29.8' ],
449 silly audit   entities: [ '7.0.1' ],
449 silly audit   'estree-walker': [ '2.0.2' ],
449 silly audit   '@babel/types': [ '7.29.8' ],
449 silly audit   '@babel/helper-string-parser': [ '7.29.7' ],
449 silly audit   '@babel/helper-validator-identifier': [ '7.29.7' ],
449 silly audit   '@vue/compiler-ssr': [ '3.5.42' ],
449 silly audit   'magic-string': [ '0.30.21' ],
449 silly audit   '@vue/reactivity': [ '3.5.42' ],
449 silly audit   '@vue/runtime-core': [ '3.5.42' ],
449 silly audit   csstype: [ '3.2.3' ],
449 silly audit   '@jridgewell/sourcemap-codec': [ '1.6.0' ]
449 silly audit }
450 verbose reify failed optional dependency /Users/yiransuo/user-management/frontend/node_modules/@rollup/rollup-win32-x64-msvc
451 silly reify mark deleted [
451 silly reify   '/Users/yiransuo/user-management/frontend/node_modules/@rollup/rollup-win32-x64-msvc'
451 silly reify ]
452 verbose reify failed optional dependency /Users/yiransuo/user-management/frontend/node_modules/@rollup/rollup-win32-x64-gnu
453 silly reify mark deleted [
453 silly reify   '/Users/yiransuo/user-management/frontend/node_modules/@rollup/rollup-win32-x64-gnu'
453 silly reify ]
454 verbose reify failed optional dependency /Users/yiransuo/user-management/frontend/node_modules/@rollup/rollup-win32-ia32-msvc
455 silly reify mark deleted [
455 silly reify   '/Users/yiransuo/user-management/frontend/node_modules/@rollup/rollup-win32-ia32-msvc'
455 silly reify ]
456 verbose reify failed optional dependency /Users/yiransuo/user-management/frontend/node_modules/@rollup/rollup-win32-arm64-msvc
457 silly reify mark deleted [
457 silly reify   '/Users/yiransuo/user-management/frontend/node_modules/@rollup/rollup-win32-arm64-msvc'
457 silly reify ]
458 verbose reify failed optional dependency /Users/yiransuo/user-management/frontend/node_modules/@rollup/rollup-openharmony-arm64
459 silly reify mark deleted [
459 silly reify   '/Users/yiransuo/user-management/frontend/node_modules/@rollup/rollup-openharmony-arm64'
459 silly reify ]
460 verbose reify failed optional dependency /Users/yiransuo/user-management/frontend/node_modules/@rollup/rollup-openbsd-x64
461 silly reify mark deleted [
461 silly reify   '/Users/yiransuo/user-management/frontend/node_modules/@rollup/rollup-openbsd-x64'
461 silly reify ]
462 verbose reify failed optional dependency /Users/yiransuo/user-management/frontend/node_modules/@rollup/rollup-linux-x64-musl
463 silly reify mark deleted [
463 silly reify   '/Users/yiransuo/user-management/frontend/node_modules/@rollup/rollup-linux-x64-musl'
463 silly reify ]
464 verbose reify failed optional dependency /Users/yiransuo/user-management/frontend/node_modules/@rollup/rollup-linux-x64-gnu
465 silly reify mark deleted [
465 silly reify   '/Users/yiransuo/user-management/frontend/node_modules/@rollup/rollup-linux-x64-gnu'
465 silly reify ]
466 verbose reify failed optional dependency /Users/yiransuo/user-management/frontend/node_modules/@rollup/rollup-linux-s390x-gnu
467 silly reify mark deleted [
467 silly reify   '/Users/yiransuo/user-management/frontend/node_modules/@rollup/rollup-linux-s390x-gnu'
467 silly reify ]
468 verbose reify failed optional dependency /Users/yiransuo/user-management/frontend/node_modules/@rollup/rollup-linux-riscv64-musl
469 silly reify mark deleted [
469 silly reify   '/Users/yiransuo/user-management/frontend/node_modules/@rollup/rollup-linux-riscv64-musl'
469 silly reify ]
470 verbose reify failed optional dependency /Users/yiransuo/user-management/frontend/node_modules/@rollup/rollup-linux-riscv64-gnu
471 silly reify mark deleted [
471 silly reify   '/Users/yiransuo/user-management/frontend/node_modules/@rollup/rollup-linux-riscv64-gnu'
471 silly reify ]
472 verbose reify failed optional dependency /Users/yiransuo/user-management/frontend/node_modules/@rollup/rollup-linux-ppc64-musl
473 silly reify mark deleted [
473 silly reify   '/Users/yiransuo/user-management/frontend/node_modules/@rollup/rollup-linux-ppc64-musl'
473 silly reify ]
474 verbose reify failed optional dependency /Users/yiransuo/user-management/frontend/node_modules/@rollup/rollup-linux-ppc64-gnu
475 silly reify mark deleted [
475 silly reify   '/Users/yiransuo/user-management/frontend/node_modules/@rollup/rollup-linux-ppc64-gnu'
475 silly reify ]
476 verbose reify failed optional dependency /Users/yiransuo/user-management/frontend/node_modules/@rollup/rollup-linux-loong64-musl
477 silly reify mark deleted [
477 silly reify   '/Users/yiransuo/user-management/frontend/node_modules/@rollup/rollup-linux-loong64-musl'
477 silly reify ]
478 verbose reify failed optional dependency /Users/yiransuo/user-management/frontend/node_modules/@rollup/rollup-linux-loong64-gnu
479 silly reify mark deleted [
479 silly reify   '/Users/yiransuo/user-management/frontend/node_modules/@rollup/rollup-linux-loong64-gnu'
479 silly reify ]
480 verbose reify failed optional dependency /Users/yiransuo/user-management/frontend/node_modules/@rollup/rollup-linux-arm64-musl
481 silly reify mark deleted [
481 silly reify   '/Users/yiransuo/user-management/frontend/node_modules/@rollup/rollup-linux-arm64-musl'
481 silly reify ]
482 verbose reify failed optional dependency /Users/yiransuo/user-management/frontend/node_modules/@rollup/rollup-linux-arm64-gnu
483 silly reify mark deleted [
483 silly reify   '/Users/yiransuo/user-management/frontend/node_modules/@rollup/rollup-linux-arm64-gnu'
483 silly reify ]
484 verbose reify failed optional dependency /Users/yiransuo/user-management/frontend/node_modules/@rollup/rollup-linux-arm-musleabihf
485 silly reify mark deleted [
485 silly reify   '/Users/yiransuo/user-management/frontend/node_modules/@rollup/rollup-linux-arm-musleabihf'
485 silly reify ]
486 verbose reify failed optional dependency /Users/yiransuo/user-management/frontend/node_modules/@rollup/rollup-linux-arm-gnueabihf
487 silly reify mark deleted [
487 silly reify   '/Users/yiransuo/user-management/frontend/node_modules/@rollup/rollup-linux-arm-gnueabihf'
487 silly reify ]
488 verbose reify failed optional dependency /Users/yiransuo/user-management/frontend/node_modules/@rollup/rollup-freebsd-x64
489 silly reify mark deleted [
489 silly reify   '/Users/yiransuo/user-management/frontend/node_modules/@rollup/rollup-freebsd-x64'
489 silly reify ]
490 verbose reify failed optional dependency /Users/yiransuo/user-management/frontend/node_modules/@rollup/rollup-freebsd-arm64
491 silly reify mark deleted [
491 silly reify   '/Users/yiransuo/user-management/frontend/node_modules/@rollup/rollup-freebsd-arm64'
491 silly reify ]
492 verbose reify failed optional dependency /Users/yiransuo/user-management/frontend/node_modules/@rollup/rollup-darwin-x64
493 silly reify mark deleted [
493 silly reify   '/Users/yiransuo/user-management/frontend/node_modules/@rollup/rollup-darwin-x64'
493 silly reify ]
494 verbose reify failed optional dependency /Users/yiransuo/user-management/frontend/node_modules/@rollup/rollup-android-arm64
495 silly reify mark deleted [
495 silly reify   '/Users/yiransuo/user-management/frontend/node_modules/@rollup/rollup-android-arm64'
495 silly reify ]
496 verbose reify failed optional dependency /Users/yiransuo/user-management/frontend/node_modules/@rollup/rollup-android-arm-eabi
497 silly reify mark deleted [
497 silly reify   '/Users/yiransuo/user-management/frontend/node_modules/@rollup/rollup-android-arm-eabi'
497 silly reify ]
498 verbose reify failed optional dependency /Users/yiransuo/user-management/frontend/node_modules/@napi-rs/lzma-linux-x64-gnu
499 silly reify mark deleted [
499 silly reify   '/Users/yiransuo/user-management/frontend/node_modules/@napi-rs/lzma-linux-x64-gnu'
499 silly reify ]
500 verbose reify failed optional dependency /Users/yiransuo/user-management/frontend/node_modules/@esbuild/win32-x64
501 silly reify mark deleted [
501 silly reify   '/Users/yiransuo/user-management/frontend/node_modules/@esbuild/win32-x64'
501 silly reify ]
502 verbose reify failed optional dependency /Users/yiransuo/user-management/frontend/node_modules/@esbuild/win32-ia32
503 silly reify mark deleted [
503 silly reify   '/Users/yiransuo/user-management/frontend/node_modules/@esbuild/win32-ia32'
503 silly reify ]
504 verbose reify failed optional dependency /Users/yiransuo/user-management/frontend/node_modules/@esbuild/win32-arm64
505 silly reify mark deleted [
505 silly reify   '/Users/yiransuo/user-management/frontend/node_modules/@esbuild/win32-arm64'
505 silly reify ]
506 verbose reify failed optional dependency /Users/yiransuo/user-management/frontend/node_modules/@esbuild/sunos-x64
507 silly reify mark deleted [
507 silly reify   '/Users/yiransuo/user-management/frontend/node_modules/@esbuild/sunos-x64'
507 silly reify ]
508 verbose reify failed optional dependency /Users/yiransuo/user-management/frontend/node_modules/@esbuild/openbsd-x64
509 silly reify mark deleted [
509 silly reify   '/Users/yiransuo/user-management/frontend/node_modules/@esbuild/openbsd-x64'
509 silly reify ]
510 verbose reify failed optional dependency /Users/yiransuo/user-management/frontend/node_modules/@esbuild/netbsd-x64
511 silly reify mark deleted [
511 silly reify   '/Users/yiransuo/user-management/frontend/node_modules/@esbuild/netbsd-x64'
511 silly reify ]
512 verbose reify failed optional dependency /Users/yiransuo/user-management/frontend/node_modules/@esbuild/linux-x64
513 silly reify mark deleted [
513 silly reify   '/Users/yiransuo/user-management/frontend/node_modules/@esbuild/linux-x64'
513 silly reify ]
514 verbose reify failed optional dependency /Users/yiransuo/user-management/frontend/node_modules/@esbuild/linux-s390x
515 silly reify mark deleted [
515 silly reify   '/Users/yiransuo/user-management/frontend/node_modules/@esbuild/linux-s390x'
515 silly reify ]
516 verbose reify failed optional dependency /Users/yiransuo/user-management/frontend/node_modules/@esbuild/linux-riscv64
517 silly reify mark deleted [
517 silly reify   '/Users/yiransuo/user-management/frontend/node_modules/@esbuild/linux-riscv64'
517 silly reify ]
518 verbose reify failed optional dependency /Users/yiransuo/user-management/frontend/node_modules/@esbuild/linux-ppc64
519 silly reify mark deleted [
519 silly reify   '/Users/yiransuo/user-management/frontend/node_modules/@esbuild/linux-ppc64'
519 silly reify ]
520 verbose reify failed optional dependency /Users/yiransuo/user-management/frontend/node_modules/@esbuild/linux-mips64el
521 silly reify mark deleted [
521 silly reify   '/Users/yiransuo/user-management/frontend/node_modules/@esbuild/linux-mips64el'
521 silly reify ]
522 verbose reify failed optional dependency /Users/yiransuo/user-management/frontend/node_modules/@esbuild/linux-loong64
523 silly reify mark deleted [
523 silly reify   '/Users/yiransuo/user-management/frontend/node_modules/@esbuild/linux-loong64'
523 silly reify ]
524 verbose reify failed optional dependency /Users/yiransuo/user-management/frontend/node_modules/@esbuild/linux-ia32
525 silly reify mark deleted [
525 silly reify   '/Users/yiransuo/user-management/frontend/node_modules/@esbuild/linux-ia32'
525 silly reify ]
526 verbose reify failed optional dependency /Users/yiransuo/user-management/frontend/node_modules/@esbuild/linux-arm64
527 silly reify mark deleted [
527 silly reify   '/Users/yiransuo/user-management/frontend/node_modules/@esbuild/linux-arm64'
527 silly reify ]
528 verbose reify failed optional dependency /Users/yiransuo/user-management/frontend/node_modules/@esbuild/linux-arm
529 silly reify mark deleted [
529 silly reify   '/Users/yiransuo/user-management/frontend/node_modules/@esbuild/linux-arm'
529 silly reify ]
530 verbose reify failed optional dependency /Users/yiransuo/user-management/frontend/node_modules/@esbuild/freebsd-x64
531 silly reify mark deleted [
531 silly reify   '/Users/yiransuo/user-management/frontend/node_modules/@esbuild/freebsd-x64'
531 silly reify ]
532 verbose reify failed optional dependency /Users/yiransuo/user-management/frontend/node_modules/@esbuild/freebsd-arm64
533 silly reify mark deleted [
533 silly reify   '/Users/yiransuo/user-management/frontend/node_modules/@esbuild/freebsd-arm64'
533 silly reify ]
534 verbose reify failed optional dependency /Users/yiransuo/user-management/frontend/node_modules/@esbuild/darwin-x64
535 silly reify mark deleted [
535 silly reify   '/Users/yiransuo/user-management/frontend/node_modules/@esbuild/darwin-x64'
535 silly reify ]
536 verbose reify failed optional dependency /Users/yiransuo/user-management/frontend/node_modules/@esbuild/android-x64
537 silly reify mark deleted [
537 silly reify   '/Users/yiransuo/user-management/frontend/node_modules/@esbuild/android-x64'
537 silly reify ]
538 verbose reify failed optional dependency /Users/yiransuo/user-management/frontend/node_modules/@esbuild/android-arm64
539 silly reify mark deleted [
539 silly reify   '/Users/yiransuo/user-management/frontend/node_modules/@esbuild/android-arm64'
539 silly reify ]
540 verbose reify failed optional dependency /Users/yiransuo/user-management/frontend/node_modules/@esbuild/android-arm
541 silly reify mark deleted [
541 silly reify   '/Users/yiransuo/user-management/frontend/node_modules/@esbuild/android-arm'
541 silly reify ]
542 verbose reify failed optional dependency /Users/yiransuo/user-management/frontend/node_modules/@esbuild/aix-ppc64
543 silly reify mark deleted [
543 silly reify   '/Users/yiransuo/user-management/frontend/node_modules/@esbuild/aix-ppc64'
543 silly reify ]
544 http cache @vue/runtime-core@https://registry.npmjs.org/@vue/runtime-core/-/runtime-core-3.5.42.tgz 0ms (cache hit)
545 http cache @vue/reactivity@https://registry.npmjs.org/@vue/reactivity/-/reactivity-3.5.42.tgz 0ms (cache hit)
546 http cache magic-string@https://registry.npmjs.org/magic-string/-/magic-string-0.30.21.tgz 0ms (cache hit)
547 http cache @babel/helper-validator-identifier@https://registry.npmjs.org/@babel/helper-validator-identifier/-/helper-validator-identifier-7.29.7.tgz 0ms (cache hit)
548 http cache @babel/helper-string-parser@https://registry.npmjs.org/@babel/helper-string-parser/-/helper-string-parser-7.29.7.tgz 0ms (cache hit)
549 http cache csstype@https://registry.npmjs.org/csstype/-/csstype-3.2.3.tgz 0ms (cache hit)
550 http cache @babel/types@https://registry.npmjs.org/@babel/types/-/types-7.29.8.tgz 0ms (cache hit)
551 http cache @vue/compiler-ssr@https://registry.npmjs.org/@vue/compiler-ssr/-/compiler-ssr-3.5.42.tgz 0ms (cache hit)
552 http cache entities@https://registry.npmjs.org/entities/-/entities-7.0.1.tgz 0ms (cache hit)
553 http cache estree-walker@https://registry.npmjs.org/estree-walker/-/estree-walker-2.0.2.tgz 0ms (cache hit)
554 http cache @babel/parser@https://registry.npmjs.org/@babel/parser/-/parser-7.29.8.tgz 0ms (cache hit)
555 http cache @jridgewell/sourcemap-codec@https://registry.npmjs.org/@jridgewell/sourcemap-codec/-/sourcemap-codec-1.6.0.tgz 0ms (cache hit)
556 http cache @vue/shared@https://registry.npmjs.org/@vue/shared/-/shared-3.5.42.tgz 0ms (cache hit)
557 http cache @vue/server-renderer@https://registry.npmjs.org/@vue/server-renderer/-/server-renderer-3.5.42.tgz 0ms (cache hit)
558 http cache @vue/runtime-dom@https://registry.npmjs.org/@vue/runtime-dom/-/runtime-dom-3.5.42.tgz 0ms (cache hit)
559 http cache @vue/compiler-sfc@https://registry.npmjs.org/@vue/compiler-sfc/-/compiler-sfc-3.5.42.tgz 0ms (cache hit)
560 http cache @rollup/rollup-darwin-arm64@https://registry.npmjs.org/@rollup/rollup-darwin-arm64/-/rollup-darwin-arm64-4.63.0.tgz 0ms (cache hit)
561 http cache @types/estree@https://registry.npmjs.org/@types/estree/-/estree-1.0.9.tgz 0ms (cache hit)
562 http cache picocolors@https://registry.npmjs.org/picocolors/-/picocolors-1.1.1.tgz 0ms (cache hit)
563 http cache nanoid@https://registry.npmjs.org/nanoid/-/nanoid-3.3.18.tgz 0ms (cache hit)
564 http cache @esbuild/darwin-arm64@https://registry.npmjs.org/@esbuild/darwin-arm64/-/darwin-arm64-0.21.5.tgz 0ms (cache hit)
565 http cache source-map-js@https://registry.npmjs.org/source-map-js/-/source-map-js-1.2.1.tgz 0ms (cache hit)
566 http cache rollup@https://registry.npmjs.org/rollup/-/rollup-4.63.0.tgz 0ms (cache hit)
567 http cache fsevents@https://registry.npmjs.org/fsevents/-/fsevents-2.3.3.tgz 0ms (cache hit)
568 http cache postcss@https://registry.npmjs.org/postcss/-/postcss-8.5.26.tgz 0ms (cache hit)
569 http cache vue@https://registry.npmjs.org/vue/-/vue-3.5.42.tgz 0ms (cache hit)
570 http cache vite@https://registry.npmjs.org/vite/-/vite-5.4.21.tgz 0ms (cache hit)
571 http cache esbuild@https://registry.npmjs.org/esbuild/-/esbuild-0.21.5.tgz 0ms (cache hit)
572 http cache @vue/compiler-dom@https://registry.npmjs.org/@vue/compiler-dom/-/compiler-dom-3.5.42.tgz 0ms (cache hit)
573 http cache @vue/compiler-core@https://registry.npmjs.org/@vue/compiler-core/-/compiler-core-3.5.42.tgz 0ms (cache hit)
574 silly tarball no local data for @vue/runtime-core@https://registry.npmjs.org/@vue/runtime-core/-/runtime-core-3.5.42.tgz. Extracting by manifest.
575 silly tarball no local data for @vue/reactivity@https://registry.npmjs.org/@vue/reactivity/-/reactivity-3.5.42.tgz. Extracting by manifest.
576 silly tarball no local data for magic-string@https://registry.npmjs.org/magic-string/-/magic-string-0.30.21.tgz. Extracting by manifest.
577 silly tarball no local data for @babel/helper-validator-identifier@https://registry.npmjs.org/@babel/helper-validator-identifier/-/helper-validator-identifier-7.29.7.tgz. Extracting by manifest.
578 silly tarball no local data for @babel/helper-string-parser@https://registry.npmjs.org/@babel/helper-string-parser/-/helper-string-parser-7.29.7.tgz. Extracting by manifest.
579 silly tarball no local data for csstype@https://registry.npmjs.org/csstype/-/csstype-3.2.3.tgz. Extracting by manifest.
580 silly tarball no local data for @babel/types@https://registry.npmjs.org/@babel/types/-/types-7.29.8.tgz. Extracting by manifest.
581 silly tarball no local data for @vue/compiler-ssr@https://registry.npmjs.org/@vue/compiler-ssr/-/compiler-ssr-3.5.42.tgz. Extracting by manifest.
582 silly tarball no local data for entities@https://registry.npmjs.org/entities/-/entities-7.0.1.tgz. Extracting by manifest.
583 silly tarball no local data for estree-walker@https://registry.npmjs.org/estree-walker/-/estree-walker-2.0.2.tgz. Extracting by manifest.
584 silly tarball no local data for @babel/parser@https://registry.npmjs.org/@babel/parser/-/parser-7.29.8.tgz. Extracting by manifest.
585 silly tarball no local data for @jridgewell/sourcemap-codec@https://registry.npmjs.org/@jridgewell/sourcemap-codec/-/sourcemap-codec-1.6.0.tgz. Extracting by manifest.
586 silly tarball no local data for @vue/shared@https://registry.npmjs.org/@vue/shared/-/shared-3.5.42.tgz. Extracting by manifest.
587 silly tarball no local data for @rollup/rollup-darwin-arm64@https://registry.npmjs.org/@rollup/rollup-darwin-arm64/-/rollup-darwin-arm64-4.63.0.tgz. Extracting by manifest.
588 silly tarball no local data for @vue/runtime-dom@https://registry.npmjs.org/@vue/runtime-dom/-/runtime-dom-3.5.42.tgz. Extracting by manifest.
589 silly tarball no local data for @types/estree@https://registry.npmjs.org/@types/estree/-/estree-1.0.9.tgz. Extracting by manifest.
590 silly tarball no local data for picocolors@https://registry.npmjs.org/picocolors/-/picocolors-1.1.1.tgz. Extracting by manifest.
591 silly tarball no local data for nanoid@https://registry.npmjs.org/nanoid/-/nanoid-3.3.18.tgz. Extracting by manifest.
592 silly tarball no local data for @esbuild/darwin-arm64@https://registry.npmjs.org/@esbuild/darwin-arm64/-/darwin-arm64-0.21.5.tgz. Extracting by manifest.
593 silly tarball no local data for source-map-js@https://registry.npmjs.org/source-map-js/-/source-map-js-1.2.1.tgz. Extracting by manifest.
594 silly tarball no local data for rollup@https://registry.npmjs.org/rollup/-/rollup-4.63.0.tgz. Extracting by manifest.
595 silly tarball no local data for @vue/compiler-sfc@https://registry.npmjs.org/@vue/compiler-sfc/-/compiler-sfc-3.5.42.tgz. Extracting by manifest.
596 silly tarball no local data for @vue/server-renderer@https://registry.npmjs.org/@vue/server-renderer/-/server-renderer-3.5.42.tgz. Extracting by manifest.
597 silly tarball no local data for fsevents@https://registry.npmjs.org/fsevents/-/fsevents-2.3.3.tgz. Extracting by manifest.
598 silly tarball no local data for vite@https://registry.npmjs.org/vite/-/vite-5.4.21.tgz. Extracting by manifest.
599 silly tarball no local data for esbuild@https://registry.npmjs.org/esbuild/-/esbuild-0.21.5.tgz. Extracting by manifest.
600 silly tarball no local data for postcss@https://registry.npmjs.org/postcss/-/postcss-8.5.26.tgz. Extracting by manifest.
601 silly tarball no local data for @vue/compiler-core@https://registry.npmjs.org/@vue/compiler-core/-/compiler-core-3.5.42.tgz. Extracting by manifest.
602 silly tarball no local data for @vue/compiler-dom@https://registry.npmjs.org/@vue/compiler-dom/-/compiler-dom-3.5.42.tgz. Extracting by manifest.
603 silly tarball no local data for vue@https://registry.npmjs.org/vue/-/vue-3.5.42.tgz. Extracting by manifest.
604 http fetch POST 200 https://registry.npmjs.org/-/npm/v1/security/advisories/bulk 301ms
605 silly audit report {
605 silly audit report   vite: [
605 silly audit report     {
605 silly audit report       id: 1120784,
605 silly audit report       url: 'https://github.com/advisories/GHSA-v6wh-96g9-6wx3',
605 silly audit report       title: 'launch-editor: NTLMv2 hash disclosure via UNC path handling on Windows',
605 silly audit report       severity: 'moderate',
605 silly audit report       vulnerable_versions: '<=6.4.2',
605 silly audit report       cwe: [Array],
605 silly audit report       cvss: [Object]
605 silly audit report     },
605 silly audit report     {
605 silly audit report       id: 1116229,
605 silly audit report       url: 'https://github.com/advisories/GHSA-4w7w-66w2-5vf9',
605 silly audit report       title: 'Vite Vulnerable to Path Traversal in Optimized Deps `.map` Handling',
605 silly audit report       severity: 'moderate',
605 silly audit report       vulnerable_versions: '<=6.4.1',
605 silly audit report       cwe: [Array],
605 silly audit report       cvss: [Object]
605 silly audit report     },
605 silly audit report     {
605 silly audit report       id: 1123525,
605 silly audit report       url: 'https://github.com/advisories/GHSA-fx2h-pf6j-xcff',
605 silly audit report       title: 'vite: `server.fs.deny` bypass on Windows alternate paths',
605 silly audit report       severity: 'high',
605 silly audit report       vulnerable_versions: '<=6.4.2',
605 silly audit report       cwe: [Array],
605 silly audit report       cvss: [Object]
605 silly audit report     }
605 silly audit report   ],
605 silly audit report   esbuild: [
605 silly audit report     {
605 silly audit report       id: 1102341,
605 silly audit report       url: 'https://github.com/advisories/GHSA-67mh-4wv8-2f99',
605 silly audit report       title: 'esbuild enables any website to send any requests to the development server and read the response',
605 silly audit report       severity: 'moderate',
605 silly audit report       vulnerable_versions: '<=0.24.2',
605 silly audit report       cwe: [Array],
605 silly audit report       cvss: [Object]
605 silly audit report     }
605 silly audit report   ]
605 silly audit report }
606 silly packumentCache corgi:https://registry.npmjs.org/vite cache-miss
607 silly packumentCache corgi:https://registry.npmjs.org/esbuild cache-miss
608 http fetch GET 200 https://registry.npmjs.org/@babel/helper-validator-identifier/-/helper-validator-identifier-7.29.7.tgz 341ms (cache miss)
609 http fetch GET 200 https://registry.npmjs.org/magic-string/-/magic-string-0.30.21.tgz 391ms (cache miss)
610 http fetch GET 200 https://registry.npmjs.org/csstype/-/csstype-3.2.3.tgz 390ms (cache miss)
611 http fetch GET 200 https://registry.npmjs.org/@vue/reactivity/-/reactivity-3.5.42.tgz 498ms (cache miss)
612 http fetch GET 200 https://registry.npmjs.org/@babel/types/-/types-7.29.8.tgz 571ms (cache miss)
613 http fetch GET 200 https://registry.npmjs.org/@types/estree/-/estree-1.0.9.tgz 618ms (cache miss)
614 http fetch GET 200 https://registry.npmjs.org/nanoid/-/nanoid-3.3.18.tgz 668ms (cache miss)
615 http fetch GET 200 https://registry.npmjs.org/picocolors/-/picocolors-1.1.1.tgz 668ms (cache miss)
616 http fetch GET 200 https://registry.npmjs.org/source-map-js/-/source-map-js-1.2.1.tgz 871ms (cache miss)
617 http fetch GET 200 https://registry.npmjs.org/@vue/server-renderer/-/server-renderer-3.5.42.tgz 1061ms (cache miss)
618 http fetch GET 200 https://registry.npmjs.org/fsevents/-/fsevents-2.3.3.tgz 1207ms (cache miss)
619 http fetch GET 200 https://registry.npmjs.org/rollup/-/rollup-4.63.0.tgz 1211ms (cache miss)
620 http fetch GET 200 https://registry.npmjs.org/@vue/compiler-sfc/-/compiler-sfc-3.5.42.tgz 1225ms (cache miss)
621 http fetch GET 200 https://registry.npmjs.org/esbuild/-/esbuild-0.21.5.tgz 1478ms (cache miss)
622 http fetch GET 200 https://registry.npmjs.org/postcss/-/postcss-8.5.26.tgz 1517ms (cache miss)
623 http fetch GET 200 https://registry.npmjs.org/@vue/compiler-core/-/compiler-core-3.5.42.tgz 1572ms (cache miss)
624 http fetch GET 200 https://registry.npmjs.org/@jridgewell/sourcemap-codec/-/sourcemap-codec-1.6.0.tgz 1739ms (cache miss)
625 http fetch GET 200 https://registry.npmjs.org/@vue/compiler-dom/-/compiler-dom-3.5.42.tgz 1825ms (cache miss)
626 http fetch GET 200 https://registry.npmjs.org/vite/-/vite-5.4.21.tgz 1984ms (cache miss)
627 http fetch GET 200 https://registry.npmjs.org/vite 1964ms (cache miss)
628 silly packumentCache corgi:https://registry.npmjs.org/vite set size:undefined disposed:false
629 http fetch GET 200 https://registry.npmjs.org/vue/-/vue-3.5.42.tgz 2345ms (cache miss)
630 http fetch GET 200 https://registry.npmjs.org/@esbuild/darwin-arm64/-/darwin-arm64-0.21.5.tgz 2471ms (cache miss)
631 http fetch GET 200 https://registry.npmjs.org/estree-walker/-/estree-walker-2.0.2.tgz 2482ms (cache miss)
632 http fetch GET 200 https://registry.npmjs.org/@babel/parser/-/parser-7.29.8.tgz 3165ms (cache miss)
633 http fetch GET 200 https://registry.npmjs.org/@rollup/rollup-darwin-arm64/-/rollup-darwin-arm64-4.63.0.tgz 3387ms (cache miss)
634 http fetch GET 200 https://registry.npmjs.org/esbuild 3276ms (cache miss)
635 silly packumentCache corgi:https://registry.npmjs.org/esbuild set size:undefined disposed:false
636 http fetch GET 200 https://registry.npmjs.org/@vue/runtime-core/-/runtime-core-3.5.42.tgz 3678ms (cache miss)
637 http fetch GET 200 https://registry.npmjs.org/@vue/compiler-ssr/-/compiler-ssr-3.5.42.tgz 4012ms (cache miss)
638 http fetch GET 200 https://registry.npmjs.org/@vue/runtime-dom/-/runtime-dom-3.5.42.tgz 5178ms (cache miss)
639 http fetch GET 200 https://registry.npmjs.org/@vue/shared/-/shared-3.5.42.tgz 5572ms (cache miss)
640 http fetch GET 200 https://registry.npmjs.org/@babel/helper-string-parser/-/helper-string-parser-7.29.7.tgz 7876ms (cache miss)
641 http fetch GET 200 https://registry.npmjs.org/entities/-/entities-7.0.1.tgz 9280ms (cache miss)
642 info run fsevents@2.3.3 install node_modules/fsevents node-gyp rebuild
643 info run fsevents@2.3.3 install { code: 1, signal: null }
644 verbose reify failed optional dependency /Users/yiransuo/user-management/frontend/node_modules/fsevents
645 silly reify mark deleted [ '/Users/yiransuo/user-management/frontend/node_modules/fsevents' ]
646 info run esbuild@0.21.5 postinstall node_modules/esbuild node install.js
647 info run esbuild@0.21.5 postinstall { code: 0, signal: null }
648 silly ADD node_modules/@jridgewell/sourcemap-codec
649 silly ADD node_modules/csstype
650 silly ADD node_modules/@vue/runtime-core
651 silly ADD node_modules/@vue/reactivity
652 silly ADD node_modules/magic-string
653 silly ADD node_modules/@vue/compiler-ssr
654 silly ADD node_modules/@babel/helper-validator-identifier
655 silly ADD node_modules/@babel/helper-string-parser
656 silly ADD node_modules/@babel/types
657 silly ADD node_modules/estree-walker
658 silly ADD node_modules/entities
659 silly ADD node_modules/@babel/parser
660 silly ADD node_modules/@vue/compiler-core
661 silly ADD node_modules/@vue/shared
662 silly ADD node_modules/@vue/server-renderer
663 silly ADD node_modules/@vue/runtime-dom
664 silly ADD node_modules/@vue/compiler-sfc
665 silly ADD node_modules/@vue/compiler-dom
666 silly ADD node_modules/@types/estree
667 silly ADD
668 silly ADD
669 silly ADD
670 silly ADD
671 silly ADD
672 silly ADD
673 silly ADD
674 silly ADD
675 silly ADD
676 silly ADD
677 silly ADD
678 silly ADD
679 silly ADD
680 silly ADD
681 silly ADD
682 silly ADD
683 silly ADD
684 silly ADD
685 silly ADD
686 silly ADD
687 silly ADD
688 silly ADD
689 silly ADD node_modules/@rollup/rollup-darwin-arm64
690 silly ADD
691 silly ADD
692 silly ADD
693 silly ADD node_modules/source-map-js
694 silly ADD node_modules/picocolors
695 silly ADD node_modules/nanoid
696 silly ADD
697 silly ADD
698 silly ADD
699 silly ADD
700 silly ADD
701 silly ADD
702 silly ADD
703 silly ADD
704 silly ADD
705 silly ADD
706 silly ADD
707 silly ADD
708 silly ADD
709 silly ADD
710 silly ADD
711 silly ADD
712 silly ADD
713 silly ADD
714 silly ADD node_modules/@esbuild/darwin-arm64
715 silly ADD
716 silly ADD
717 silly ADD
718 silly ADD
719 silly ADD node_modules/rollup
720 silly ADD node_modules/postcss
721 silly ADD
722 silly ADD node_modules/esbuild
723 silly ADD node_modules/vue
724 silly ADD node_modules/vite
725 verbose cwd /Users/yiransuo/user-management/frontend
726 verbose os Darwin 25.1.0
727 verbose node v22.14.0
728 verbose npm  v10.9.2
729 notice
729 notice New [31mmajor[39m version of npm available! [31m10.9.2[39m -> [34m12.0.2[39m
729 notice Changelog: [34mhttps://github.com/npm/cli/releases/tag/v12.0.2[39m
729 notice To update run: [4mnpm install -g npm@12.0.2[24m
729 notice  { force: true, [Symbol(proc-log.meta)]: true }
730 verbose exit 0
731 info ok
